// Jest Snapshot v1, https://goo.gl/fbAQLP

exports[`Dashboard component dashboard renders 1`] = `
<div
  className="dashboard"
>
  <div
    className="makeStyles-bar-1"
  >
    <div
      className="makeStyles-wrap-2"
    >
      <h1
        className="MuiTypography-root makeStyles-title-3 MuiTypography-h2"
      >
        Dashboard
      </h1>
      <div
        className="page-bar__content"
      />
    </div>
  </div>
</div>
`;
